{"level":"info","message":"Hello log file test","timestamp":"2026-05-14T08:39:03.612Z"}
{"level":"error","message":"Test error log","timestamp":"2026-05-14T08:39:03.615Z"}
{"level":"info","message":"Hello log file test","timestamp":"2026-05-14T08:45:10.607Z"}
{"level":"error","message":"Test error log","timestamp":"2026-05-14T08:45:10.611Z"}
{"level":"info","message":"Login attempt for email: shivank123@gmail.com","timestamp":"2026-05-14T08:45:43.126Z"}
{"level":"info","message":"Login attempt for email: liya123@gmail.com","timestamp":"2026-05-14T08:48:44.312Z"}
{"level":"info","message":"Login attempt for email: shivank123@gmail.com","timestamp":"2026-05-15T05:01:47.964Z"}
{"level":"info","message":"Hello log file test","timestamp":"2026-05-15T05:02:53.767Z"}
{"level":"error","message":"Test error log","timestamp":"2026-05-15T05:02:53.770Z"}
{"level":"info","message":"Login attempt for email: liya123@gmail.com","timestamp":"2026-05-15T05:03:31.376Z"}
{"level":"info","message":"Hello log file test","timestamp":"2026-05-15T05:10:20.810Z"}
{"level":"error","message":"Test error log","timestamp":"2026-05-15T05:10:20.813Z"}
{"level":"info","message":"Hello log file test","timestamp":"2026-05-15T05:14:51.901Z"}
{"level":"error","message":"Test error log","timestamp":"2026-05-15T05:14:51.904Z"}
{"level":"info","message":"Login attempt for email: abhijeet123@gmail.com","timestamp":"2026-05-15T05:37:58.552Z"}
{"level":"warn","message":"Login failed - Incorrect password for email: abhijeet123@gmail.com","timestamp":"2026-05-15T05:37:58.675Z"}
{"level":"error","message":"Login failed - Incorrect password for email: abhijeet123@gmail.com","timestamp":"2026-05-15T05:37:58.677Z"}
{"level":"info","message":"Login attempt for email: abhijeet123@gmail.com","timestamp":"2026-05-15T05:38:09.810Z"}
{"level":"info","message":"Login attempt for email: shivank123@gmail.com","timestamp":"2026-05-15T05:52:01.587Z"}
{"level":"warn","message":"Login failed - Incorrect password for email: shivank123@gmail.com","timestamp":"2026-05-15T05:52:01.729Z"}
{"level":"error","message":"Login failed - Incorrect password for email: shivank123@gmail.com","timestamp":"2026-05-15T05:52:01.730Z"}
{"level":"info","message":"Login attempt for email: shivank123@gmail.com","timestamp":"2026-05-15T05:52:28.772Z"}
{"level":"warn","message":"Login failed - Incorrect password for email: shivank123@gmail.com","timestamp":"2026-05-15T05:52:28.893Z"}
{"level":"error","message":"Login failed - Incorrect password for email: shivank123@gmail.com","timestamp":"2026-05-15T05:52:28.894Z"}
{"level":"info","message":"Login attempt for email: shivank123@gmail.com","timestamp":"2026-05-15T05:52:40.573Z"}
